aide
alsa-utils
b43-fwcutter
bind-libs
bind-utils
biosdevname
blktrace
bridge-utils
busybox
centos-indexhtml
ConsoleKit
ConsoleKit-libs
cpuspeed
crda
cryptsetup-luks
cryptsetup-luks-libs
cyrus-sasl-plain
dbus-python
desktop-file-utils
device-mapper-persistent-data
dmidecode
dmraid
dmraid-events
dosfstools
eggdbus
eject
elfutils-libs
fprintd
fprintd-pam
hal
hal-info
hal-libs
hdparm
hunspell
hunspell-en
irqbalance
iw
kexec-tools
kpartx
ledmon
libaio
libfprint
libjpeg-turbo
libnl
libpcap
libpciaccess
libusb1
libxml2-python
lsof
man-pages
man-pages-overrides
mdadm
mesa-dri1-drivers
mesa-dri-filesystem
microcode_ctl
mlocate
mtr
nano
ntsysv
numactl
pam_passwdqc
parted
pciutils
pcmciautils
pinfo
pm-utils
polkit
prelink
psacct
python-ethtool
python-iwlib
qt3
quota
rdate
readahead
redhat-lsb-compat
redhat-lsb-core
rfkill
scl-utils
setserial
setuptool
sg3_utils-libs
sgpio
smartmontools
sos
strace
sysstat
system-config-firewall-tui
system-config-network-tui
systemtap-runtime
tcpdump
tcp_wrappers
tcsh
traceroute
usbutils
usermode
vconfig
virt-what
wireless-tools
words
xdg-utils
yum-plugin-security
zip
